{"command":"library-dependencies","release":false,"rootPath":"@","outputPath":"@/buck-out/gen/js/lib-with-deps-query.jslib","dependencyLibraryFilePaths":["@/buck-out/gen/js/build-target-output.jslib","@/buck-out/gen/js/native-js/photo-album-js.jslib","@/buck-out/gen/js/native-js/text-widget-js.jslib"],"aggregatedSourceFilesFilePath":"@/buck-out/gen/js/lib-with-deps-query#_files_.jslib","flavors":[]}
{"command":"library-dependencies","release":false,"rootPath":"@","outputPath":"@/buck-out/gen/js/build-target-output.jslib","dependencyLibraryFilePaths":[],"aggregatedSourceFilesFilePath":"@/buck-out/gen/js/build-target-output#_files_.jslib","flavors":[]}
{"command":"library-files","release":false,"rootPath":"@","outputFilePath":"@/buck-out/gen/js/build-target-output#_files_.jslib","sourceFilePaths":["@/buck-out/gen/js/build-target-output#file-exported.js-<HASH>.jsfile"],"flavors":[]}
{"command":"transform","outputFilePath":"@/buck-out/gen/js/build-target-output#file-exported.js-<HASH>.jsfile","sourceJsFilePath":"@/buck-out/gen/external/exported.js/exported.js","sourceJsFileName":"buck-out/gen/external/exported.js/exported.js","flavors":[]}
var exported;
{"command":"library-dependencies","release":false,"rootPath":"@","outputPath":"@/buck-out/gen/js/native-js/photo-album-js.jslib","dependencyLibraryFilePaths":[],"aggregatedSourceFilesFilePath":"@/buck-out/gen/js/native-js/photo-album-js#_files_.jslib","flavors":[]}
{"command":"library-files","release":false,"rootPath":"@","outputFilePath":"@/buck-out/gen/js/native-js/photo-album-js#_files_.jslib","sourceFilePaths":["@/buck-out/gen/js/native-js/photo-album-js#file-photo-album.js-<HASH>.jsfile"],"flavors":[]}
{"command":"transform","outputFilePath":"@/buck-out/gen/js/native-js/photo-album-js#file-photo-album.js-<HASH>.jsfile","sourceJsFilePath":"@/js/native-js/photo-album.js","sourceJsFileName":"js/native-js/photo-album.js","flavors":[]}
var photoAlbum;
{"command":"library-dependencies","release":false,"rootPath":"@","outputPath":"@/buck-out/gen/js/native-js/text-widget-js.jslib","dependencyLibraryFilePaths":[],"aggregatedSourceFilesFilePath":"@/buck-out/gen/js/native-js/text-widget-js#_files_.jslib","flavors":[]}
{"command":"library-files","release":false,"rootPath":"@","outputFilePath":"@/buck-out/gen/js/native-js/text-widget-js#_files_.jslib","sourceFilePaths":["@/buck-out/gen/js/native-js/text-widget-js#file-text-widget.js-<HASH>.jsfile"],"flavors":[]}
{"command":"transform","outputFilePath":"@/buck-out/gen/js/native-js/text-widget-js#file-text-widget.js-<HASH>.jsfile","sourceJsFilePath":"@/js/native-js/text-widget.js","sourceJsFileName":"js/native-js/text-widget.js","flavors":[]}
var textWidget;
{"command":"library-files","release":false,"rootPath":"@","outputFilePath":"@/buck-out/gen/js/lib-with-deps-query#_files_.jslib","sourceFilePaths":[],"flavors":[]}
