<?xml version="1.0" encoding="UTF-8" standalone="no"?><Workspace version="1.0"><FileRef location="container:Apps.xcodeproj"/><Group location="container:" name="bar"><FileRef location="container:../bar/Dep2/Dep2.xcodeproj"/></Group></Workspace>