<?xml version="1.0" encoding="UTF-8"?>
<module type="JAVA_MODULE" version="4">
  <component name="NewModuleRootManager" inherit-compiler-output="true">
    <exclude-output />
    <content url="file://$MODULE_DIR$">
      <excludeFolder url="file://$MODULE_DIR$/buck-out" isTestSource="false" />
      <excludeFolder url="file://$MODULE_DIR$/project1/lib/src/src2" isTestSource="false" />
      <excludeFolder url="file://$MODULE_DIR$/project1/lib2" isTestSource="false" />
      <excludeFolder url="file://$MODULE_DIR$/project3/lib/src/src2" isTestSource="false" />
      <excludeFolder url="file://$MODULE_DIR$/test" isTestSource="false" />
    </content>
    <orderEntry type="inheritedJdk" />
    <orderEntry type="sourceFolder" forTests="false" />
  </component>
</module>