<?xml version="1.0" encoding="UTF-8"?>
<project version="4">
  <component name="ProjectModuleManager">
    <modules>
      <module fileurl="file://$PROJECT_DIR$/a/a.iml" filepath="$PROJECT_DIR$/a/a.iml" group="modules" />
      <module fileurl="file://$PROJECT_DIR$/b/b.iml" filepath="$PROJECT_DIR$/b/b.iml" group="modules" />
      <module fileurl="file://$PROJECT_DIR$/d/d.iml" filepath="$PROJECT_DIR$/d/d.iml" group="modules" />
      <module fileurl="file://$PROJECT_DIR$/project_root.iml" filepath="$PROJECT_DIR$/project_root.iml" />
    </modules>
  </component>
</project>
