{"meta":{"project-version":"1"},"required-targets":["//js:fruit-salad-in-a-bundle#ios"],"xcconfig-paths":["buck-out/gen/ios/DemoApp#iphonesimulator-x86_64,no-debug-Debug.xcconfig","buck-out/gen/ios/DemoApp#iphonesimulator-x86_64,no-debug-Profile.xcconfig","buck-out/gen/ios/DemoApp#iphonesimulator-x86_64,no-debug-Release.xcconfig"],"copy-in-xcode":[{"sourceType":"FOLDER_CONTENTS","sourcePath":"buck-out/gen/js/fruit-salad-in-a-bundle#ios/js","destinationBase":"UNLOCALIZED_RESOURCES","destinationPath":""},{"sourceType":"FOLDER_CONTENTS","sourcePath":"buck-out/gen/js/fruit-salad-in-a-bundle#ios/res","destinationBase":"UNLOCALIZED_RESOURCES","destinationPath":""}]}