the startup arguments were: --num-jobs 2 --loc exists
