<?xml version="1.0" encoding="UTF-8"?>
<module type="JAVA_MODULE" version="4">
  <component name="NewModuleRootManager" inherit-compiler-output="true">
    <exclude-output />
    <content url="file://$MODULE_DIR$">
    </content>
    <orderEntry type="inheritedJdk" />
    <orderEntry type="sourceFolder" forTests="false" />
    <orderEntry type="module" module-name="dep" scope="COMPILE" />
    <orderEntry type="library" name="//dep:zipdep" scope="COMPILE" level="project" />
    <orderEntry type="module" module-name="dep1" scope="COMPILE" />
    <orderEntry type="library" name="//dep1:zipdep" scope="COMPILE" level="project" />
    <orderEntry type="module" module-name="dep2" scope="COMPILE" />
    <orderEntry type="library" name="//dep2:zipdep" scope="COMPILE" level="project" />
    <orderEntry type="library" name="//prod:zipdep" scope="PROVIDED" level="project" exported="" />
  </component>
</module>