<?xml version="1.0" encoding="UTF-8"?>
<module type="JAVA_MODULE" version="4">
  <component name="NewModuleRootManager" inherit-compiler-output="true">
    <exclude-output />
    <content url="file://$MODULE_DIR$">
      <sourceFolder url="file://$MODULE_DIR$" isTestSource="false" packagePrefix="project1.lib" />
    </content>
    <orderEntry type="inheritedJdk" />
    <orderEntry type="sourceFolder" forTests="false" />
    <orderEntry type="module" module-name="project1_dep" scope="COMPILE" />
    <orderEntry type="library" name="//project2/dep:dep" scope="RUNTIME" level="project" />
    <orderEntry type="library" name="//project2/lib:lib" scope="COMPILE" level="project" />
  </component>
</module>