<component name="libraryTable">
  <library name="//dep2:zipdep">
    <CLASSES>
      <root url="jar://$PROJECT_DIR$/buck-out/gen/dep2/lib__zipdep__output/zipdep.jar!/" />
    </CLASSES>
    <JAVADOC />
    <SOURCES />
  </library>
</component>