<component name="libraryTable">
  <library name="//dep1:zipdep">
    <CLASSES>
      <root url="jar://$PROJECT_DIR$/buck-out/gen/dep1/lib__zipdep__output/zipdep.jar!/" />
    </CLASSES>
    <JAVADOC />
    <SOURCES />
  </library>
</component>