<component name="libraryTable">
  <library name="//prod:zipdep">
    <CLASSES>
      <root url="jar://$PROJECT_DIR$/buck-out/gen/prod/lib__zipdep__output/zipdep.jar!/" />
    </CLASSES>
    <JAVADOC />
    <SOURCES />
  </library>
</component>