<?xml version="1.0" encoding="UTF-8"?>
<project version="4">
  <component name="ProjectModuleManager">
    <modules>
      <module fileurl="file://$PROJECT_DIR$/project_root.iml" filepath="$PROJECT_DIR$/project_root.iml" />
      <module fileurl="file://$PROJECT_DIR$/py/__tests__/py___tests__.iml" filepath="$PROJECT_DIR$/py/__tests__/py___tests__.iml" group="modules" />
      <module fileurl="file://$PROJECT_DIR$/py/py.iml" filepath="$PROJECT_DIR$/py/py.iml" group="modules" />
    </modules>
  </component>
</project>
