<?xml version="1.0" encoding="UTF-8"?>
<module type="JAVA_MODULE" version="4">
  <component name="FacetManager">
    <facet type="android" name="Android">
      <configuration>
        <option name="ALLOW_USER_CONFIGURATION" value="false" />
        <option name="GEN_FOLDER_RELATIVE_PATH_APT" value="/../../buck-out/android/modules/aggregate_multiple_manifests_with_package/gen" />
        <option name="GEN_FOLDER_RELATIVE_PATH_AIDL" value="/../../buck-out/android/modules/aggregate_multiple_manifests_with_package/gen" />
        <option name="MANIFEST_FILE_RELATIVE_PATH" value="/../../buck-out/android/modules/aggregate_multiple_manifests_with_package/gen/com/test/AndroidManifest.xml" />
        <option name="RES_FOLDERS_RELATIVE_PATH" value="" />
        <option name="LIBRARY_PROJECT" value="true" />
        <option name="PROJECT_TYPE" value="1" />
        <option name="UPDATE_PROPERTY_FILES" value="false" />
        <option name="ENABLE_SOURCES_AUTOGENERATION" value="true" />
        <includeAssetsFromLibraries>true</includeAssetsFromLibraries>
      </configuration>
    </facet>
  </component>
  <component name="NewModuleRootManager" inherit-compiler-output="false">
    <output url="jar://$MODULE_DIR$/../../buck-out/gen/modules/aggregate_multiple_manifests_with_package/lib2/lib__lib2__output/lib2.jar!/" />
    <exclude-output />
    <content url="file://$MODULE_DIR$/../../buck-out/android/modules/aggregate_multiple_manifests_with_package/gen">
      <sourceFolder url="file://$MODULE_DIR$/../../buck-out/android/modules/aggregate_multiple_manifests_with_package/gen" isTestSource="false" />
    </content>
    <content url="file://$MODULE_DIR$">
      <sourceFolder url="file://$MODULE_DIR$" isTestSource="false" packagePrefix="modules.aggregate_multiple_manifests_with_package" />
    </content>
    <orderEntry type="inheritedJdk" />
    <orderEntry type="sourceFolder" forTests="false" />
  </component>
</module>