<?xml version="1.0" encoding="UTF-8" standalone="no"?><Scheme LastUpgradeVersion="9999" version="1.7"><BuildAction buildImplicitDependencies="YES" parallelizeBuildables="YES"><BuildActionEntries><BuildActionEntry buildForAnalyzing="YES" buildForArchiving="NO" buildForProfiling="NO" buildForRunning="NO" buildForTesting="YES"><BuildableReference BlueprintIdentifier="E66DC04E79595B5200000000" BlueprintName="TestAppTests" BuildableIdentifier="primary" BuildableName="TestAppTests.xctest" ReferencedContainer="container:Apps.xcodeproj"/></BuildActionEntry></BuildActionEntries></BuildAction><TestAction buildConfiguration="Debug" shouldUseLaunchSchemeArgsEnv="YES"><Testables><TestableReference skipped="NO"><BuildableReference BlueprintIdentifier="E66DC04E79595B5200000000" BlueprintName="TestAppTests" BuildableIdentifier="primary" BuildableName="TestAppTests.xctest" ReferencedContainer="container:Apps.xcodeproj"/></TestableReference></Testables></TestAction><LaunchAction buildConfiguration="Debug"/><ProfileAction buildConfiguration="Release"/><AnalyzeAction buildConfiguration="Debug"/><ArchiveAction buildConfiguration="Release" revealArchiveInOrganizer="YES"/></Scheme>