{"command":"library-dependencies","release":true,"rootPath":"@","platform":"android","outputPath":"@/buck-out/gen/js/fruit#android,release.jslib","dependencyLibraryFilePaths":[],"aggregatedSourceFilesFilePath":"@/buck-out/gen/js/fruit#_files_,android,release.jslib","flavors":["android","release"]}
{"command":"library-files","release":true,"rootPath":"@","platform":"android","outputFilePath":"@/buck-out/gen/js/fruit#_files_,android,release.jslib","sourceFilePaths":["@/buck-out/gen/js/fruit#_files_,android,file-apple.js-<HASH>,release.jsfile","@/buck-out/gen/js/fruit#_files_,android,file-banana.js-<HASH>,release.jsfile","@/buck-out/gen/js/fruit#_files_,android,file-pear.js-<HASH>,release.jsfile"],"flavors":["android","release"]}
{"command":"optimize","outputFilePath":"@/buck-out/gen/js/fruit#_files_,android,file-apple.js-<HASH>,release.jsfile","transformedJsFilePath":"@/buck-out/gen/js/fruit#file-apple.js-<HASH>.jsfile","flavors":["android","release"]}
{"command":"transform","outputFilePath":"@/buck-out/gen/js/fruit#file-apple.js-<HASH>.jsfile","sourceJsFilePath":"@/js/apple.js","sourceJsFileName":"js/apple.js","flavors":[]}
var apple;
{"command":"optimize","outputFilePath":"@/buck-out/gen/js/fruit#_files_,android,file-banana.js-<HASH>,release.jsfile","transformedJsFilePath":"@/buck-out/gen/js/fruit#file-banana.js-<HASH>.jsfile","flavors":["android","release"]}
{"command":"transform","outputFilePath":"@/buck-out/gen/js/fruit#file-banana.js-<HASH>.jsfile","sourceJsFilePath":"@/js/banana.js","sourceJsFileName":"js/banana.js","flavors":[]}
var banana;
{"command":"optimize","outputFilePath":"@/buck-out/gen/js/fruit#_files_,android,file-pear.js-<HASH>,release.jsfile","transformedJsFilePath":"@/buck-out/gen/js/fruit#file-pear.js-<HASH>.jsfile","flavors":["android","release"]}
{"command":"transform","outputFilePath":"@/buck-out/gen/js/fruit#file-pear.js-<HASH>.jsfile","sourceJsFilePath":"@/js/pear.js","sourceJsFileName":"js/pear.js","flavors":[]}
var pear;
