{"outputFilePath":"@/buck-out/gen/js/fruit-with-extras#android,dependencies.deps","command":"dependencies","entryPoints":["yoghurt","banana","apple"],"libraries":["@/buck-out/gen/js/extras#android.jslib","@/buck-out/gen/js/fruit#android.jslib"],"platform":"android","release":false,"rootPath":"@","flavors":["android","dependencies"]}
{"command":"library-dependencies","release":false,"rootPath":"@","platform":"android","outputPath":"@/buck-out/gen/js/extras#android.jslib","dependencyLibraryFilePaths":[],"aggregatedSourceFilesFilePath":"@/buck-out/gen/js/extras#_files_,android.jslib","flavors":["android"]}
{"command":"library-files","release":false,"rootPath":"@","platform":"android","outputFilePath":"@/buck-out/gen/js/extras#_files_,android.jslib","sourceFilePaths":["@/buck-out/gen/js/extras#file-choclate-chips.js-<HASH>.jsfile","@/buck-out/gen/js/extras#file-yoghurt.js-<HASH>.jsfile"],"flavors":["android"]}
{"command":"transform","outputFilePath":"@/buck-out/gen/js/extras#file-choclate-chips.js-<HASH>.jsfile","sourceJsFilePath":"@/js/extras/choclate-chips.js","sourceJsFileName":"js/extras/choclate-chips.js","extraData":{"arbitrary":"extra","json":1},"flavors":[]}
var choclateChips;
{"command":"transform","outputFilePath":"@/buck-out/gen/js/extras#file-yoghurt.js-<HASH>.jsfile","sourceJsFilePath":"@/js/extras/yoghurt.js","sourceJsFileName":"js/extras/yoghurt.js","extraData":{"arbitrary":"extra","json":1},"flavors":[]}
var yoghurt;
{"command":"library-dependencies","release":false,"rootPath":"@","platform":"android","outputPath":"@/buck-out/gen/js/fruit#android.jslib","dependencyLibraryFilePaths":[],"aggregatedSourceFilesFilePath":"@/buck-out/gen/js/fruit#_files_,android.jslib","flavors":["android"]}
{"command":"library-files","release":false,"rootPath":"@","platform":"android","outputFilePath":"@/buck-out/gen/js/fruit#_files_,android.jslib","sourceFilePaths":["@/buck-out/gen/js/fruit#file-apple.js-<HASH>.jsfile","@/buck-out/gen/js/fruit#file-banana.js-<HASH>.jsfile","@/buck-out/gen/js/fruit#file-pear.js-<HASH>.jsfile"],"flavors":["android"]}
{"command":"transform","outputFilePath":"@/buck-out/gen/js/fruit#file-apple.js-<HASH>.jsfile","sourceJsFilePath":"@/js/apple.js","sourceJsFileName":"js/apple.js","flavors":[]}
var apple;
{"command":"transform","outputFilePath":"@/buck-out/gen/js/fruit#file-banana.js-<HASH>.jsfile","sourceJsFilePath":"@/js/banana.js","sourceJsFileName":"js/banana.js","flavors":[]}
var banana;
{"command":"transform","outputFilePath":"@/buck-out/gen/js/fruit#file-pear.js-<HASH>.jsfile","sourceJsFilePath":"@/js/pear.js","sourceJsFileName":"js/pear.js","flavors":[]}
var pear;
