<?xml version="1.0" encoding="UTF-8"?>
<!DOCTYPE plist PUBLIC "-//Apple//DTD PLIST 1.0//EN" "http://www.apple.com/DTDs/PropertyList-1.0.dtd">
<plist version="1.0">
<dict>
	<key>get-task-allow</key>
	<true/>
	<key>keychain-access-groups</key>
	<array>
		<string>ABCDE12345.platformFamily</string>
	</array>
	<key>aps-environment</key>
	<string>development</string>
	<key>com.apple.accounts.example.defaultaccess</key>
	<true/>
	<key>application-identifier</key>
	<string>ABCDE12345.*</string>
	<key>com.apple.developer.team-identifier</key>
	<string>12345ABCDE</string>
</dict>
</plist>