<component name="libraryTable">
  <library name="//libs:generated">
    <CLASSES>
      <root url="jar://$PROJECT_DIR$/buck-out/gen/libs/__generated__/generated.jar!/" />
      <root url="jar://$PROJECT_DIR$/buck-out/gen/libs/generated_jar/generated.jar!/" />
    </CLASSES>
    <JAVADOC />
    <SOURCES />
  </library>
</component>