<component name="libraryTable">
  <library name="//java/com/sample/lib:lib#dummy_r_dot_java">
    <CLASSES>
      <root url="jar://$PROJECT_DIR$/buck-out/gen/java/com/sample/lib/__lib#dummy_r_dot_java_dummyrdotjava_output__/lib#dummy_r_dot_java.jar!/" />
    </CLASSES>
    <JAVADOC />
    <SOURCES />
  </library>
</component>