<?xml version="1.0" encoding="UTF-8" standalone="no"?><Scheme LastUpgradeVersion="9999" version="1.7"><BuildAction buildImplicitDependencies="YES" parallelizeBuildables="YES"><BuildActionEntries><BuildActionEntry buildForAnalyzing="YES" buildForArchiving="YES" buildForProfiling="YES" buildForRunning="YES" buildForTesting="YES"><BuildableReference BlueprintIdentifier="E66DC04E9350A4F000000000" BlueprintName="TestAppBinary" BuildableIdentifier="primary" BuildableName="TestAppBinary" ReferencedContainer="container:Apps.xcodeproj"/></BuildActionEntry></BuildActionEntries></BuildAction><TestAction buildConfiguration="Debug" shouldUseLaunchSchemeArgsEnv="YES"><Testables/></TestAction><LaunchAction buildConfiguration="Debug" launchStyle="0"><BuildableProductRunnable><BuildableReference BlueprintIdentifier="E66DC04E9350A4F000000000" BlueprintName="TestAppBinary" BuildableIdentifier="primary" BuildableName="TestAppBinary" ReferencedContainer="container:Apps.xcodeproj"/></BuildableProductRunnable></LaunchAction><ProfileAction buildConfiguration="Profile" shouldUseLaunchSchemeArgsEnv="YES"><BuildableProductRunnable><BuildableReference BlueprintIdentifier="E66DC04E9350A4F000000000" BlueprintName="TestAppBinary" BuildableIdentifier="primary" BuildableName="TestAppBinary" ReferencedContainer="container:Apps.xcodeproj"/></BuildableProductRunnable></ProfileAction><AnalyzeAction buildConfiguration="Debug"/><ArchiveAction buildConfiguration="Release" revealArchiveInOrganizer="YES"/></Scheme>