<?xml version="1.0" encoding="UTF-8"?>
<module type="JAVA_MODULE" version="4">
  <component name="NewModuleRootManager" inherit-compiler-output="true">
    <exclude-output />
    <content url="file://$MODULE_DIR$">
      <sourceFolder url="file://$MODULE_DIR$/src" isTestSource="false" packagePrefix="com.example" />
      <sourceFolder url="file://$MODULE_DIR$/src/res" isTestSource="false" type="java-resource" relativeOutputPath="" />
      <sourceFolder url="file://$MODULE_DIR$/test" isTestSource="true" packagePrefix="com.example" />
      <sourceFolder url="file://$MODULE_DIR$/test/res" isTestSource="false" type="java-test-resource" relativeOutputPath="" />
    </content>
    <orderEntry type="inheritedJdk" />
    <orderEntry type="sourceFolder" forTests="false" />
  </component>
</module>